δε
*+µµµµµµµµµµµµµµµµµµµµµµµµµµµµµµjkτυ:;µµµµµµµµµµµµµµµµµµµµµµµµµµµµµµz{κλδε¥¥ ΅‚ƒ‚ƒ‚ƒ‚ƒ‚ƒ‚ƒΆ£
ϊϋτυ¥¥°±’“’“’“’“’“’“²³δε¥¥¦§ΐΑΒΓ¦§	΄΄τυ¥¥¶·ΠΡÒΣ¶·΄΄ζηζηζημνδε¥¥	¦§




¦§¦§΄΄φχφχφχόύτυ¥¥¶·¶·¶·΄΄ΰαΰαΰαFGδε¥¥¦§¥¥΄΄¥¥΄΄¥¥¦§δε΄΄πρπρπρVWτυ¥¥¶·¥¥΄΄¥¥΄΄¥¥¶·τυ΄΄ΰαΰαΰαFGδε¥¥δε¥¥΄΄¥¥΄΄¥¥	δε¬­΄΄πρπρπρVWτυ¥¥τυ¥¥΄΄¥¥΄΄¥¥τυΌ½΄΄ΰαΰαΰαFGδε¥¥¥¥΄΄¥¥΄΄¥¥κλ¦§΄΄πρπρπρVWτυ¥¥¥¥΄΄¥¥΄΄¥¥ϊϋ¶·΄΄ΰαFGζηζηδε¥¥¥¥΄΄¥¥΄΄¥¥¦§δε΄΄πρVWφχφχτυ¥¥¥¥΄΄¥¥΄΄¥¥¶·τυ΄΄δε¥¥δε¥¥΄΄¥¥΄΄¥¥δε ΅‚ƒ‚ƒ‚ƒΆ£΄΄τυ¥¥τυ¥¥΄΄¥¥΄΄¥¥τυ°±’“’“’“²³΄΄δε¥¥¦§JKJKJKJKJK¦§ΐΑΒΓ΄΄τυ¥¥¶·Z[Z[Z[Z[Z[¶·ΠΡÒΣ΄΄μνμνδε¥¥¦§ ΅‚ƒ‚ƒ‚ƒΆ£ΐΑΒΓ΄΄όύόύτυ¥¥¶·°±’“’“’“²³ΠΡÒΣ΄΄μνμνμνμνδεJKθιΐΑΒΓ	΄΄όύόύόύόύτυZ[ψωΠΡÒΣ΄΄ ΅Ά£μνμνμνδε*+¤¤¤¤¤¤¤¤¤¤¤¤¤¤¤¤¤¤¤¤¤¤¤¤¤¤¤¤¤¤jkJK°±²³όύόύόύτυ:;¤¤¤¤¤¤¤¤¤¤¤¤¤¤¤¤¤¤¤¤¤¤¤¤¤¤¤¤¤¤z{Z[