ΐΑΒΓΐΑΒΓ
&'ΐΑΠΡÒΣΠΡÒΣ67ΠΡδε*+¤¤¤¤¤¤¤¤jk¥¥βγ	ΐΑτυ:;¤¤¤¤¤¤¤¤z{¥¥ςσΠΡ	δεδεδεδεδεδεδεζηβγμν ΅Ά£κλτυτυτυτυτυτυτυφχςσόύ°±²³ϊϋδε*+µµµµµµµµjk΄΄βγ€ΒΓτυ:;µµµµµµµµz{΄΄ςσ‘ÒΣ ΅‚ƒ‚ƒ‚ƒΆ£JKfg !"#"#"#$%&'°±’“’“’“²³Z[vw012323234567‚ƒ‚ƒ‚ƒ‚ƒ‚ƒ‚ƒ‚ƒ‚ƒ‚ƒ‚ƒ‚ƒ‚ƒ‚ƒΆ£βγ’“’“’“’“’“’“’“’“’“’“’“’“’“²³ςσ
δεΐΑΒΓβγτυΠΡÒΣςσ¥¥κλδεμν‚ƒμν
βγ¥¥ϊϋτυόύ’“όύςσ¥¥δε&'Ά£θι΄΄βγ¥¥τυ67²³ψω΄΄ςσ¥¥βγ	¦§ΒΓ΄΄fg¥¥ςσ¶·ÒΣ΄΄vw¥¥βγ	&'¦§	΄΄ΰαFG ΅¥¥ςσ67¶·΄΄πρVW°±¥¥ζηζηζηfg ΅fg¦§ΒΓ ΅Ά£JK ΅‚ƒ‚ƒ¥¥φχφχφχvw°±vw¶·ÒΣ°±²³Z[°±’“’“JKζη	ζημνΰαΰαFG‚ƒZ[φχφχόύπρπρVW’“