&&&&&&&&&&&&&&&&&&&&&&&&&&&&&&&&&tttttte-...9/-./-./-./ÄÅÇsôÜá&&=..==?=.?=.?=.?ÉÑÖssàâMNNNNO=>?=>?=>?ssss	suhi+*..?..?..?sôssôuxyPQ9=?+9=?9=?vsôs)vf*`aMNOMNOMNOvvv
*PQ'%&&&&&&&&&&'sss%&&&&&&`a !" !!!"ttssstäããããèR01201112s;<sssåçççéñ
%'@AB@AAABsKLôssssssóòssssssssssÜá34IJPQssôsssssôsàâCD;<`assssssssssäè34lmlmPQ34KLôsssssssssîñCD|}|}`aCD-./ssssssôsssêëPQ*=.?sssss	ssssíì`a=>?sôsssssssóò&&&&&&&&&&&&&&PQ..?vvsss)vvvvvf !!!" !!!"`a+9=?vvv0111201112MNO&'%&&&&&&@AAAB@AAAB%'56hi
%'EF
%'xy$#I-...9/=..==?78PQPQRMNNNNOGH`a`a%&&&&&&&&&&&&&&&&&&&&&&&&&&&&&&&&&&&&&&&&&&&&&&'