+'''''''''''''''''(&,#%%!!$\^!ln!%|~&'(!!\^#%!ln!%$|~!!$!!$;<9:!!%KLIJ!-.!+'''',+'''(&,!!%!$#!!=>!!MN&(!!7823334$!GH jcak%! iehk%%BCCCD#-.-.
+''''',+''',*=>-.-.MN+(&',+''''''''''(\]]]^"lmmmn%|}}}~!!%!%!$!!!&(!$!%
!!!!*!-.-.&'''''''''''''''''(&''(