+'(&''''''''''''''''''''''''''''',+''''''',!"!%!!!\]^!|}~!=>\]^$!!MN|}~%!!-.!+'''(+'''(+''''''',%\]^"\]^789:%!%+'''(%lmnlmnGHIJ!!\^}~$|}~%|}~;<=>!!!|~#!!\]^!!!!KLMN!!!%!%!lmn!%!!!"!!!$!|}~!#!!\^^!!%!\]]^!!!|~n!!!!|}}~!$$|~!!!!|}|~-2334%!!\]]]^|}|~&( ab%!!lmmmn|}|~
 hde!
%%lmmmn|}|~ bck\^|}}}~\]]^*BCCD!*|~|}}~!-.-.-.-.-.&''(&'''''''''''''''''''''''''''''''''''''''(