+'''''''''''''''''''''',&(%	%!)!\^$ln!&'(|~%!"\^!!ln!%|~$%!$!!$!!%!!-.!+(&''',+'''',!	%!!"$!)=>!!&(MN!!23334!! acjk!$ heik!%BCCCD%%-.-."+''',+''''',
;<KL*78-.-.GH&'''''''''',+'(&,\]]]^lmmmn#|}}}~%!%!%!$!!!!&(!!
$!
%!*!!*!-.-.&''(&'''''''''''''''''(