Yçéè%&%F%%%:%53%IM53%%:%J%%55ùüLH53BC:%F%çèY5017Yùûü%F%&%%3%%J3%%%%J%3%6J%%RS4%DEùüX3%YJJ%%%F%&%%%%%%%01%%%%%01%%%&%01%@A@ABC53JY%%YJJLHKKHF6%%%%%%%3%%%%%%%%&%%PQPQRS3%IY+,!"""""""""""6%%%%%%%%XX%%&%%%%BCBC@A@A%%JX;<&&%%%%4%%$YY4%6%4%%%&•SRSP§PQ4%éY"""#J3:%I9%&%%%%3%ûYJ%%JF%%&%%%3%%%%&%IK53J%%:%JHLLHûXJK%%JF%%&%%%%%%%%J3%J%%%%&%53mYJJ
%JF%%%6%%%%%%4%%%&JHLLMLLHK%%6%3%XY%!""""""""""%%%@A4%%%%BC%%I%%3%@ABCBC%%]\%%%P§5%%%RS%J%%%PQRSRSYK%%%@A@A%%BC@AXBC%XX%%%BC@ABC@A&%XJ%

%PQPQ4%•SPQYRS4YY$4%4RSPQRSP§6%$YJ4""""""""""""""""""""""""""""""""""""""""""""""